../HAL/LCD_KIT/LCD_KIT_prog.c:20:6:LCD_KIT_voidInitialization	8	static
../HAL/LCD_KIT/LCD_KIT_prog.c:57:6:LCD_KIT_voidDisplayCharacter	16	static
../HAL/LCD_KIT/LCD_KIT_prog.c:84:6:LCD_KIT_voidRunCommand	16	static
../HAL/LCD_KIT/LCD_KIT_prog.c:112:6:LCD_KIT_voidSetCurser	16	static
../HAL/LCD_KIT/LCD_KIT_prog.c:119:6:LCD_KIT_voidDisplayString	24	static
../HAL/LCD_KIT/LCD_KIT_prog.c:137:6:LCD_KIT_voidDisplayBigNumber	16	static
../HAL/LCD_KIT/LCD_KIT_prog.c:192:6:LCD_KIT_voidStoreCustomCharacter	24	static
