Archive member included because of file (symbol)

c:/users/hp/downloads/imt_sdk_win_64/imt_sdk_win_64/winavr/bin/../lib/gcc/avr/4.3.3/avr5\libgcc.a(_udivmodhi4.o)
                              ./Free RTOS/queue.o (__udivmodhi4)
c:/users/hp/downloads/imt_sdk_win_64/imt_sdk_win_64/winavr/bin/../lib/gcc/avr/4.3.3/avr5\libgcc.a(_udivmodsi4.o)
                              ./HAL/LCD_KIT/LCD_KIT_prog.o (__udivmodsi4)
c:/users/hp/downloads/imt_sdk_win_64/imt_sdk_win_64/winavr/bin/../lib/gcc/avr/4.3.3/avr5\libgcc.a(_exit.o)
                              c:/users/hp/downloads/imt_sdk_win_64/imt_sdk_win_64/winavr/bin/../lib/gcc/avr/4.3.3/../../../../avr/lib/avr5/crtm32.o (exit)
c:/users/hp/downloads/imt_sdk_win_64/imt_sdk_win_64/winavr/bin/../lib/gcc/avr/4.3.3/avr5\libgcc.a(_copy_data.o)
                              ./Free RTOS/regtest.o (__do_copy_data)
c:/users/hp/downloads/imt_sdk_win_64/imt_sdk_win_64/winavr/bin/../lib/gcc/avr/4.3.3/avr5\libgcc.a(_clear_bss.o)
                              ./MCAL/ADC/ADC_prog.o (__do_clear_bss)
c:/users/hp/downloads/imt_sdk_win_64/imt_sdk_win_64/winavr/bin/../lib/gcc/avr/4.3.3/../../../../avr/lib/avr5\libc.a(memcpy.o)
                              ./Free RTOS/queue.o (memcpy)

Allocating common symbols
Common symbol       size              file

xEventGroup         0x2               ./APP/main.o
Mutex_LCD           0x2               ./APP/main.o
COL                 0x1               ./APP/main.o
ROW                 0x1               ./APP/main.o
xQueue_Password     0x2               ./APP/main.o
uxBits              0x2               ./APP/main.o
xQueue_Equation     0x2               ./APP/main.o
Flag                0x1               ./APP/main.o

Memory Configuration

Name             Origin             Length             Attributes
text             0x00000000         0x00020000         xr
data             0x00800060         0x0000ffa0         rw !x
eeprom           0x00810000         0x00010000         rw !x
fuse             0x00820000         0x00000400         rw !x
lock             0x00830000         0x00000400         rw !x
signature        0x00840000         0x00000400         rw !x
*default*        0x00000000         0xffffffff

Linker script and memory map

LOAD c:/users/hp/downloads/imt_sdk_win_64/imt_sdk_win_64/winavr/bin/../lib/gcc/avr/4.3.3/../../../../avr/lib/avr5/crtm32.o
LOAD ./MCAL/GIE/GIE_prog.o
LOAD ./MCAL/DIO/DIO_prog.o
LOAD ./MCAL/ADC/ADC_prog.o
LOAD ./HAL/LCD_KIT/LCD_KIT_prog.o
LOAD ./HAL/KEYBAD/KEYBAD_prog.o
LOAD ./Free RTOS/croutine.o
LOAD ./Free RTOS/event_groups.o
LOAD ./Free RTOS/heap_1.o
LOAD ./Free RTOS/list.o
LOAD ./Free RTOS/mpu_wrappers.o
LOAD ./Free RTOS/port.o
LOAD ./Free RTOS/queue.o
LOAD ./Free RTOS/regtest.o
LOAD ./Free RTOS/stream_buffer.o
LOAD ./Free RTOS/tasks.o
LOAD ./Free RTOS/timers.o
LOAD ./APP/main.o
LOAD c:/users/hp/downloads/imt_sdk_win_64/imt_sdk_win_64/winavr/bin/../lib/gcc/avr/4.3.3/avr5\libgcc.a
LOAD c:/users/hp/downloads/imt_sdk_win_64/imt_sdk_win_64/winavr/bin/../lib/gcc/avr/4.3.3/../../../../avr/lib/avr5\libc.a
LOAD c:/users/hp/downloads/imt_sdk_win_64/imt_sdk_win_64/winavr/bin/../lib/gcc/avr/4.3.3/avr5\libgcc.a

.hash
 *(.hash)

.dynsym
 *(.dynsym)

.dynstr
 *(.dynstr)

.gnu.version
 *(.gnu.version)

.gnu.version_d
 *(.gnu.version_d)

.gnu.version_r
 *(.gnu.version_r)

.rel.init
 *(.rel.init)

.rela.init
 *(.rela.init)

.rel.text
 *(.rel.text)
 *(.rel.text.*)
 *(.rel.gnu.linkonce.t*)

.rela.text
 *(.rela.text)
 *(.rela.text.*)
 *(.rela.gnu.linkonce.t*)

.rel.fini
 *(.rel.fini)

.rela.fini
 *(.rela.fini)

.rel.rodata
 *(.rel.rodata)
 *(.rel.rodata.*)
 *(.rel.gnu.linkonce.r*)

.rela.rodata
 *(.rela.rodata)
 *(.rela.rodata.*)
 *(.rela.gnu.linkonce.r*)

.rel.data
 *(.rel.data)
 *(.rel.data.*)
 *(.rel.gnu.linkonce.d*)

.rela.data
 *(.rela.data)
 *(.rela.data.*)
 *(.rela.gnu.linkonce.d*)

.rel.ctors
 *(.rel.ctors)

.rela.ctors
 *(.rela.ctors)

.rel.dtors
 *(.rel.dtors)

.rela.dtors
 *(.rela.dtors)

.rel.got
 *(.rel.got)

.rela.got
 *(.rela.got)

.rel.bss
 *(.rel.bss)

.rela.bss
 *(.rela.bss)

.rel.plt
 *(.rel.plt)

.rela.plt
 *(.rela.plt)

.text           0x00000000     0x4cc0
 *(.vectors)
 .vectors       0x00000000       0x54 c:/users/hp/downloads/imt_sdk_win_64/imt_sdk_win_64/winavr/bin/../lib/gcc/avr/4.3.3/../../../../avr/lib/avr5/crtm32.o
                0x00000000                __vectors
                0x00000000                __vector_default
 *(.vectors)
 *(.progmem.gcc*)
 *(.progmem*)
                0x00000054                . = ALIGN (0x2)
                0x00000054                __trampolines_start = .
 *(.trampolines)
 .trampolines   0x00000054        0x0 linker stubs
 *(.trampolines*)
                0x00000054                __trampolines_end = .
 *(.jumptables)
 *(.jumptables*)
 *(.lowtext)
 *(.lowtext*)
                0x00000054                __ctors_start = .
 *(.ctors)
                0x00000054                __ctors_end = .
                0x00000054                __dtors_start = .
 *(.dtors)
                0x00000054                __dtors_end = .
 SORT(*)(.ctors)
 SORT(*)(.dtors)
 *(.init0)
 .init0         0x00000054        0x0 c:/users/hp/downloads/imt_sdk_win_64/imt_sdk_win_64/winavr/bin/../lib/gcc/avr/4.3.3/../../../../avr/lib/avr5/crtm32.o
                0x00000054                __init
 *(.init0)
 *(.init1)
 *(.init1)
 *(.init2)
 .init2         0x00000054        0xc c:/users/hp/downloads/imt_sdk_win_64/imt_sdk_win_64/winavr/bin/../lib/gcc/avr/4.3.3/../../../../avr/lib/avr5/crtm32.o
 *(.init2)
 *(.init3)
 *(.init3)
 *(.init4)
 .init4         0x00000060       0x16 c:/users/hp/downloads/imt_sdk_win_64/imt_sdk_win_64/winavr/bin/../lib/gcc/avr/4.3.3/avr5\libgcc.a(_copy_data.o)
                0x00000060                __do_copy_data
 .init4         0x00000076       0x10 c:/users/hp/downloads/imt_sdk_win_64/imt_sdk_win_64/winavr/bin/../lib/gcc/avr/4.3.3/avr5\libgcc.a(_clear_bss.o)
                0x00000076                __do_clear_bss
 *(.init4)
 *(.init5)
 *(.init5)
 *(.init6)
 *(.init6)
 *(.init7)
 *(.init7)
 *(.init8)
 *(.init8)
 *(.init9)
 .init9         0x00000086        0x8 c:/users/hp/downloads/imt_sdk_win_64/imt_sdk_win_64/winavr/bin/../lib/gcc/avr/4.3.3/../../../../avr/lib/avr5/crtm32.o
 *(.init9)
 *(.text)
 .text          0x0000008e        0x4 c:/users/hp/downloads/imt_sdk_win_64/imt_sdk_win_64/winavr/bin/../lib/gcc/avr/4.3.3/../../../../avr/lib/avr5/crtm32.o
                0x0000008e                __vector_1
                0x0000008e                __vector_12
                0x0000008e                __bad_interrupt
                0x0000008e                __vector_6
                0x0000008e                __vector_3
                0x0000008e                __vector_11
                0x0000008e                __vector_13
                0x0000008e                __vector_17
                0x0000008e                __vector_19
                0x0000008e                __vector_5
                0x0000008e                __vector_4
                0x0000008e                __vector_9
                0x0000008e                __vector_2
                0x0000008e                __vector_15
                0x0000008e                __vector_8
                0x0000008e                __vector_14
                0x0000008e                __vector_10
                0x0000008e                __vector_18
                0x0000008e                __vector_20
 .text          0x00000092        0x0 ./MCAL/GIE/GIE_prog.o
 .text          0x00000092        0x0 ./MCAL/DIO/DIO_prog.o
 .text          0x00000092        0x0 ./MCAL/ADC/ADC_prog.o
 .text          0x00000092        0x0 ./HAL/LCD_KIT/LCD_KIT_prog.o
 .text          0x00000092        0x0 ./HAL/KEYBAD/KEYBAD_prog.o
 .text          0x00000092        0x0 ./Free RTOS/croutine.o
 .text          0x00000092        0x0 ./Free RTOS/event_groups.o
 .text          0x00000092        0x0 ./Free RTOS/heap_1.o
 .text          0x00000092        0x0 ./Free RTOS/list.o
 .text          0x00000092        0x0 ./Free RTOS/mpu_wrappers.o
 .text          0x00000092        0x0 ./Free RTOS/port.o
 .text          0x00000092        0x0 ./Free RTOS/queue.o
 .text          0x00000092        0x0 ./Free RTOS/regtest.o
 .text          0x00000092        0x0 ./Free RTOS/stream_buffer.o
 .text          0x00000092        0x0 ./Free RTOS/tasks.o
 .text          0x00000092        0x0 ./Free RTOS/timers.o
 .text          0x00000092        0x0 ./APP/main.o
 .text          0x00000092        0x0 c:/users/hp/downloads/imt_sdk_win_64/imt_sdk_win_64/winavr/bin/../lib/gcc/avr/4.3.3/avr5\libgcc.a(_udivmodhi4.o)
 .text          0x00000092        0x0 c:/users/hp/downloads/imt_sdk_win_64/imt_sdk_win_64/winavr/bin/../lib/gcc/avr/4.3.3/avr5\libgcc.a(_udivmodsi4.o)
 .text          0x00000092        0x0 c:/users/hp/downloads/imt_sdk_win_64/imt_sdk_win_64/winavr/bin/../lib/gcc/avr/4.3.3/avr5\libgcc.a(_exit.o)
 .text          0x00000092        0x0 c:/users/hp/downloads/imt_sdk_win_64/imt_sdk_win_64/winavr/bin/../lib/gcc/avr/4.3.3/avr5\libgcc.a(_copy_data.o)
 .text          0x00000092        0x0 c:/users/hp/downloads/imt_sdk_win_64/imt_sdk_win_64/winavr/bin/../lib/gcc/avr/4.3.3/avr5\libgcc.a(_clear_bss.o)
 .text          0x00000092        0x0 c:/users/hp/downloads/imt_sdk_win_64/imt_sdk_win_64/winavr/bin/../lib/gcc/avr/4.3.3/../../../../avr/lib/avr5\libc.a(memcpy.o)
                0x00000092                . = ALIGN (0x2)
 *(.text.*)
 .text.GIE_Enable
                0x00000092        0x8 ./MCAL/GIE/GIE_prog.o
                0x00000092                GIE_Enable
 .text.GIE_Disable
                0x0000009a        0x8 ./MCAL/GIE/GIE_prog.o
                0x0000009a                GIE_Disable
 .text.DIO_voidSetPinDirection
                0x000000a2       0xe2 ./MCAL/DIO/DIO_prog.o
                0x000000a2                DIO_voidSetPinDirection
 .text.DIO_voidSetPinValue
                0x00000184       0xe2 ./MCAL/DIO/DIO_prog.o
                0x00000184                DIO_voidSetPinValue
 .text.DIO_voidInitialization
                0x00000266       0x2a ./MCAL/DIO/DIO_prog.o
                0x00000266                DIO_voidInitialization
 .text.DIO_voidTogglePin
                0x00000290       0x6a ./MCAL/DIO/DIO_prog.o
                0x00000290                DIO_voidTogglePin
 .text.DIO_voidSetPortDirection
                0x000002fa       0x50 ./MCAL/DIO/DIO_prog.o
                0x000002fa                DIO_voidSetPortDirection
 .text.DIO_voidSetPortValue
                0x0000034a       0x22 ./MCAL/DIO/DIO_prog.o
                0x0000034a                DIO_voidSetPortValue
 .text.DIO_voidSetPortValueMask
                0x0000036c       0x3a ./MCAL/DIO/DIO_prog.o
                0x0000036c                DIO_voidSetPortValueMask
 .text.DIO_voidSetPortDirectionMask
                0x000003a6       0x3a ./MCAL/DIO/DIO_prog.o
                0x000003a6                DIO_voidSetPortDirectionMask
 .text.DIO_u8GetPinValue
                0x000003e0       0x66 ./MCAL/DIO/DIO_prog.o
                0x000003e0                DIO_u8GetPinValue
 .text.DIO_voidGetPinValue
                0x00000446       0x68 ./MCAL/DIO/DIO_prog.o
                0x00000446                DIO_voidGetPinValue
 .text.ADC_voidInterruptEnable
                0x000004ae        0x4 ./MCAL/ADC/ADC_prog.o
                0x000004ae                ADC_voidInterruptEnable
 .text.ADC_voidInterruptDisable
                0x000004b2        0x4 ./MCAL/ADC/ADC_prog.o
                0x000004b2                ADC_voidInterruptDisable
 .text.ADC_voidStartConversion
                0x000004b6       0x56 ./MCAL/ADC/ADC_prog.o
                0x000004b6                ADC_voidStartConversion
 .text.ADC_u16ReadConversionValue_Polling
                0x0000050c        0xc ./MCAL/ADC/ADC_prog.o
                0x0000050c                ADC_u16ReadConversionValue_Polling
 .text.__vector_16
                0x00000518       0x4e ./MCAL/ADC/ADC_prog.o
                0x00000518                __vector_16
 .text.ADC_CallBack
                0x00000566        0xa ./MCAL/ADC/ADC_prog.o
                0x00000566                ADC_CallBack
 .text.ADC_voidReadConversionValue_Polling
                0x00000570       0x20 ./MCAL/ADC/ADC_prog.o
                0x00000570                ADC_voidReadConversionValue_Polling
 .text.ADC_voidInitialization
                0x00000590       0x1e ./MCAL/ADC/ADC_prog.o
                0x00000590                ADC_voidInitialization
 .text.LCD_KIT_voidRunCommand
                0x000005ae      0x112 ./HAL/LCD_KIT/LCD_KIT_prog.o
                0x000005ae                LCD_KIT_voidRunCommand
 .text.LCD_KIT_voidSetCurser
                0x000006c0        0x8 ./HAL/LCD_KIT/LCD_KIT_prog.o
                0x000006c0                LCD_KIT_voidSetCurser
 .text.LCD_KIT_voidDisplayCharacter
                0x000006c8      0x112 ./HAL/LCD_KIT/LCD_KIT_prog.o
                0x000006c8                LCD_KIT_voidDisplayCharacter
 .text.LCD_KIT_voidStoreCustomCharacter
                0x000007da       0x32 ./HAL/LCD_KIT/LCD_KIT_prog.o
                0x000007da                LCD_KIT_voidStoreCustomCharacter
 .text.LCD_KIT_voidDisplayBigNumber
                0x0000080c      0x1ea ./HAL/LCD_KIT/LCD_KIT_prog.o
                0x0000080c                LCD_KIT_voidDisplayBigNumber
 .text.LCD_KIT_voidDisplayString
                0x000009f6       0x26 ./HAL/LCD_KIT/LCD_KIT_prog.o
                0x000009f6                LCD_KIT_voidDisplayString
 .text.LCD_KIT_voidInitialization
                0x00000a1c       0xe4 ./HAL/LCD_KIT/LCD_KIT_prog.o
                0x00000a1c                LCD_KIT_voidInitialization
 .text.KEYBAD_voidGetPressedKey
                0x00000b00       0xb2 ./HAL/KEYBAD/KEYBAD_prog.o
                0x00000b00                KEYBAD_voidGetPressedKey
 .text.KEYBAD_voidInitialization
                0x00000bb2       0xa2 ./HAL/KEYBAD/KEYBAD_prog.o
                0x00000bb2                KEYBAD_voidInitialization
 .text.xEventGroupClearBits
                0x00000c54       0x20 ./Free RTOS/event_groups.o
                0x00000c54                xEventGroupClearBits
 .text.xEventGroupGetBitsFromISR
                0x00000c74        0x8 ./Free RTOS/event_groups.o
                0x00000c74                xEventGroupGetBitsFromISR
 .text.vEventGroupClearBitsCallback
                0x00000c7c        0x8 ./Free RTOS/event_groups.o
                0x00000c7c                vEventGroupClearBitsCallback
 .text.xEventGroupSetBits
                0x00000c84       0xb0 ./Free RTOS/event_groups.o
                0x00000c84                xEventGroupSetBits
 .text.vEventGroupSetBitsCallback
                0x00000d34        0x8 ./Free RTOS/event_groups.o
                0x00000d34                vEventGroupSetBitsCallback
 .text.vEventGroupDelete
                0x00000d3c       0x2e ./Free RTOS/event_groups.o
                0x00000d3c                vEventGroupDelete
 .text.xEventGroupWaitBits
                0x00000d6a       0xfe ./Free RTOS/event_groups.o
                0x00000d6a                xEventGroupWaitBits
 .text.xEventGroupSync
                0x00000e68       0xd6 ./Free RTOS/event_groups.o
                0x00000e68                xEventGroupSync
 .text.xEventGroupCreate
                0x00000f3e       0x26 ./Free RTOS/event_groups.o
                0x00000f3e                xEventGroupCreate
 .text.vPortFree
                0x00000f64        0x2 ./Free RTOS/heap_1.o
                0x00000f64                vPortFree
 .text.vPortInitialiseBlocks
                0x00000f66        0xa ./Free RTOS/heap_1.o
                0x00000f66                vPortInitialiseBlocks
 .text.xPortGetFreeHeapSize
                0x00000f70       0x14 ./Free RTOS/heap_1.o
                0x00000f70                xPortGetFreeHeapSize
 .text.pvPortMalloc
                0x00000f84       0x68 ./Free RTOS/heap_1.o
                0x00000f84                pvPortMalloc
 .text.vListInitialise
                0x00000fec       0x20 ./Free RTOS/list.o
                0x00000fec                vListInitialise
 .text.vListInitialiseItem
                0x0000100c        0x8 ./Free RTOS/list.o
                0x0000100c                vListInitialiseItem
 .text.vListInsertEnd
                0x00001014       0x3e ./Free RTOS/list.o
                0x00001014                vListInsertEnd
 .text.vListInsert
                0x00001052       0x64 ./Free RTOS/list.o
                0x00001052                vListInsert
 .text.uxListRemove
                0x000010b6       0x56 ./Free RTOS/list.o
                0x000010b6                uxListRemove
 .text.pxPortInitialiseStack
                0x0000110c       0x90 ./Free RTOS/port.o
                0x0000110c                pxPortInitialiseStack
 .text.xPortStartScheduler
                0x0000119c       0x6a ./Free RTOS/port.o
                0x0000119c                xPortStartScheduler
 .text.vPortEndScheduler
                0x00001206        0x2 ./Free RTOS/port.o
                0x00001206                vPortEndScheduler
 .text.vPortYieldFromTick
                0x00001208       0xba ./Free RTOS/port.o
                0x00001208                vPortYieldFromTick
 .text.__vector_7
                0x000012c2        0x6 ./Free RTOS/port.o
                0x000012c2                __vector_7
 .text.vPortYield
                0x000012c8       0xb2 ./Free RTOS/port.o
                0x000012c8                vPortYield
 .text.uxQueueMessagesWaiting
                0x0000137a       0x10 ./Free RTOS/queue.o
                0x0000137a                uxQueueMessagesWaiting
 .text.uxQueueSpacesAvailable
                0x0000138a       0x14 ./Free RTOS/queue.o
                0x0000138a                uxQueueSpacesAvailable
 .text.uxQueueMessagesWaitingFromISR
                0x0000139e        0x6 ./Free RTOS/queue.o
                0x0000139e                uxQueueMessagesWaitingFromISR
 .text.xQueueIsQueueEmptyFromISR
                0x000013a4       0x10 ./Free RTOS/queue.o
                0x000013a4                xQueueIsQueueEmptyFromISR
 .text.xQueueIsQueueFullFromISR
                0x000013b4       0x12 ./Free RTOS/queue.o
                0x000013b4                xQueueIsQueueFullFromISR
 .text.xQueueAddToSet
                0x000013c6       0x26 ./Free RTOS/queue.o
                0x000013c6                xQueueAddToSet
 .text.xQueueRemoveFromSet
                0x000013ec       0x28 ./Free RTOS/queue.o
                0x000013ec                xQueueRemoveFromSet
 .text.vQueueDelete
                0x00001414        0x6 ./Free RTOS/queue.o
                0x00001414                vQueueDelete
 .text.prvCopyDataFromQueue
                0x0000141a       0x3c ./Free RTOS/queue.o
 .text.xQueuePeekFromISR
                0x00001456       0x2a ./Free RTOS/queue.o
                0x00001456                xQueuePeekFromISR
 .text.xQueueReceiveFromISR
                0x00001480       0x64 ./Free RTOS/queue.o
                0x00001480                xQueueReceiveFromISR
 .text.xQueueSelectFromSetFromISR
                0x000014e4       0x2a ./Free RTOS/queue.o
                0x000014e4                xQueueSelectFromSetFromISR
 .text.prvCopyDataToQueue
                0x0000150e       0xac ./Free RTOS/queue.o
 .text.prvNotifyQueueSetContainer
                0x000015ba       0x80 ./Free RTOS/queue.o
 .text.prvUnlockQueue
                0x0000163a       0x94 ./Free RTOS/queue.o
 .text.xQueuePeek
                0x000016ce      0x152 ./Free RTOS/queue.o
                0x000016ce                xQueuePeek
 .text.xQueueReceive
                0x00001820      0x156 ./Free RTOS/queue.o
                0x00001820                xQueueReceive
 .text.xQueueSelectFromSet
                0x00001976       0x28 ./Free RTOS/queue.o
                0x00001976                xQueueSelectFromSet
 .text.xQueueGiveFromISR
                0x0000199e       0x6e ./Free RTOS/queue.o
                0x0000199e                xQueueGiveFromISR
 .text.xQueueGenericSendFromISR
                0x00001a0c       0x8a ./Free RTOS/queue.o
                0x00001a0c                xQueueGenericSendFromISR
 .text.xQueueGenericSend
                0x00001a96      0x17a ./Free RTOS/queue.o
                0x00001a96                xQueueGenericSend
 .text.xQueueSemaphoreTake
                0x00001c10      0x1be ./Free RTOS/queue.o
                0x00001c10                xQueueSemaphoreTake
 .text.xQueueGenericReset
                0x00001dce       0xb4 ./Free RTOS/queue.o
                0x00001dce                xQueueGenericReset
 .text.xQueueGenericCreate
                0x00001e82       0x7c ./Free RTOS/queue.o
                0x00001e82                xQueueGenericCreate
 .text.xQueueCreateSet
                0x00001efe        0xa ./Free RTOS/queue.o
                0x00001efe                xQueueCreateSet
 .text.xQueueCreateMutex
                0x00001f08       0x34 ./Free RTOS/queue.o
                0x00001f08                xQueueCreateMutex
 .text.xAreRegTestTasksStillRunning
                0x00001f3c       0x10 ./Free RTOS/regtest.o
                0x00001f3c                xAreRegTestTasksStillRunning
 .text.prvRegisterCheck1
                0x00001f4c      0x144 ./Free RTOS/regtest.o
 .text.prvRegisterCheck2
                0x00002090      0x144 ./Free RTOS/regtest.o
 .text.vStartRegTestTasks
                0x000021d4       0x3c ./Free RTOS/regtest.o
                0x000021d4                vStartRegTestTasks
 .text.xStreamBufferSetTriggerLevel
                0x00002210       0x22 ./Free RTOS/stream_buffer.o
                0x00002210                xStreamBufferSetTriggerLevel
 .text.xStreamBufferSpacesAvailable
                0x00002232       0x38 ./Free RTOS/stream_buffer.o
                0x00002232                xStreamBufferSpacesAvailable
 .text.xStreamBufferBytesAvailable
                0x0000226a       0x24 ./Free RTOS/stream_buffer.o
                0x0000226a                xStreamBufferBytesAvailable
 .text.xStreamBufferIsEmpty
                0x0000228e       0x18 ./Free RTOS/stream_buffer.o
                0x0000228e                xStreamBufferIsEmpty
 .text.xStreamBufferIsFull
                0x000022a6       0x2e ./Free RTOS/stream_buffer.o
                0x000022a6                xStreamBufferIsFull
 .text.xStreamBufferReceiveCompletedFromISR
                0x000022d4       0x4c ./Free RTOS/stream_buffer.o
                0x000022d4                xStreamBufferReceiveCompletedFromISR
 .text.xStreamBufferSendCompletedFromISR
                0x00002320       0x4c ./Free RTOS/stream_buffer.o
                0x00002320                xStreamBufferSendCompletedFromISR
 .text.prvReadBytesFromBuffer
                0x0000236c       0x9a ./Free RTOS/stream_buffer.o
 .text.prvReadMessageFromBuffer
                0x00002406       0x90 ./Free RTOS/stream_buffer.o
 .text.xStreamBufferReceiveFromISR
                0x00002496       0x96 ./Free RTOS/stream_buffer.o
                0x00002496                xStreamBufferReceiveFromISR
 .text.xStreamBufferNextMessageLengthBytes
                0x0000252c       0x60 ./Free RTOS/stream_buffer.o
                0x0000252c                xStreamBufferNextMessageLengthBytes
 .text.prvWriteBytesToBuffer
                0x0000258c       0x9a ./Free RTOS/stream_buffer.o
 .text.prvWriteMessageToBuffer
                0x00002626       0x94 ./Free RTOS/stream_buffer.o
 .text.xStreamBufferSendFromISR
                0x000026ba       0xae ./Free RTOS/stream_buffer.o
                0x000026ba                xStreamBufferSendFromISR
 .text.xStreamBufferReceive
                0x00002768      0x128 ./Free RTOS/stream_buffer.o
                0x00002768                xStreamBufferReceive
 .text.xStreamBufferSend
                0x00002890      0x1a2 ./Free RTOS/stream_buffer.o
                0x00002890                xStreamBufferSend
 .text.xStreamBufferReset
                0x00002a32       0x4a ./Free RTOS/stream_buffer.o
                0x00002a32                xStreamBufferReset
 .text.vStreamBufferDelete
                0x00002a7c       0x1c ./Free RTOS/stream_buffer.o
                0x00002a7c                vStreamBufferDelete
 .text.xStreamBufferGenericCreate
                0x00002a98       0x7a ./Free RTOS/stream_buffer.o
                0x00002a98                xStreamBufferGenericCreate
 .text.vTaskSuspendAll
                0x00002b12        0xc ./Free RTOS/tasks.o
                0x00002b12                vTaskSuspendAll
 .text.xTaskGetTickCount
                0x00002b1e       0x16 ./Free RTOS/tasks.o
                0x00002b1e                xTaskGetTickCount
 .text.xTaskGetTickCountFromISR
                0x00002b34        0xc ./Free RTOS/tasks.o
                0x00002b34                xTaskGetTickCountFromISR
 .text.uxTaskGetNumberOfTasks
                0x00002b40        0x6 ./Free RTOS/tasks.o
                0x00002b40                uxTaskGetNumberOfTasks
 .text.pcTaskGetName
                0x00002b46       0x16 ./Free RTOS/tasks.o
                0x00002b46                pcTaskGetName
 .text.xTaskIncrementTick
                0x00002b5c      0x230 ./Free RTOS/tasks.o
                0x00002b5c                xTaskIncrementTick
 .text.vTaskSwitchContext
                0x00002d8c       0x74 ./Free RTOS/tasks.o
                0x00002d8c                vTaskSwitchContext
 .text.xTaskRemoveFromEventList
                0x00002e00      0x166 ./Free RTOS/tasks.o
                0x00002e00                xTaskRemoveFromEventList
 .text.vTaskRemoveFromUnorderedEventList
                0x00002f66      0x134 ./Free RTOS/tasks.o
                0x00002f66                vTaskRemoveFromUnorderedEventList
 .text.vTaskSetTimeOutState
                0x0000309a       0x20 ./Free RTOS/tasks.o
                0x0000309a                vTaskSetTimeOutState
 .text.vTaskInternalSetTimeOutState
                0x000030ba       0x16 ./Free RTOS/tasks.o
                0x000030ba                vTaskInternalSetTimeOutState
 .text.xTaskCheckForTimeOut
                0x000030d0       0x70 ./Free RTOS/tasks.o
                0x000030d0                xTaskCheckForTimeOut
 .text.vTaskMissedYield
                0x00003140        0x8 ./Free RTOS/tasks.o
                0x00003140                vTaskMissedYield
 .text.xTaskGetCurrentTaskHandle
                0x00003148        0xc ./Free RTOS/tasks.o
                0x00003148                xTaskGetCurrentTaskHandle
 .text.uxTaskResetEventItemValue
                0x00003154       0x30 ./Free RTOS/tasks.o
                0x00003154                uxTaskResetEventItemValue
 .text.pvTaskIncrementMutexHeldCount
                0x00003184       0x26 ./Free RTOS/tasks.o
                0x00003184                pvTaskIncrementMutexHeldCount
 .text.xTaskGenericNotifyFromISR
                0x000031aa      0x1f8 ./Free RTOS/tasks.o
                0x000031aa                xTaskGenericNotifyFromISR
 .text.vTaskGenericNotifyGiveFromISR
                0x000033a2      0x164 ./Free RTOS/tasks.o
                0x000033a2                vTaskGenericNotifyGiveFromISR
 .text.xTaskGenericNotifyStateClear
                0x00003506       0x2c ./Free RTOS/tasks.o
                0x00003506                xTaskGenericNotifyStateClear
 .text.ulTaskGenericNotifyValueClear
                0x00003532       0x68 ./Free RTOS/tasks.o
                0x00003532                ulTaskGenericNotifyValueClear
 .text.xTaskGenericNotify
                0x0000359a      0x19c ./Free RTOS/tasks.o
                0x0000359a                xTaskGenericNotify
 .text.xTaskResumeAll
                0x00003736      0x1bc ./Free RTOS/tasks.o
                0x00003736                xTaskResumeAll
 .text.xTaskCatchUpTicks
                0x000038f2       0x2e ./Free RTOS/tasks.o
                0x000038f2                xTaskCatchUpTicks
 .text.vTaskPriorityDisinheritAfterTimeout
                0x00003920       0xd0 ./Free RTOS/tasks.o
                0x00003920                vTaskPriorityDisinheritAfterTimeout
 .text.xTaskPriorityDisinherit
                0x000039f0       0xb6 ./Free RTOS/tasks.o
                0x000039f0                xTaskPriorityDisinherit
 .text.xTaskPriorityInherit
                0x00003aa6      0x108 ./Free RTOS/tasks.o
                0x00003aa6                xTaskPriorityInherit
 .text.vTaskResume
                0x00003bae       0xde ./Free RTOS/tasks.o
                0x00003bae                vTaskResume
 .text.prvAddCurrentTaskToDelayedList
                0x00003c8c      0x106 ./Free RTOS/tasks.o
 .text.xTaskGenericNotifyWait
                0x00003d92      0x140 ./Free RTOS/tasks.o
                0x00003d92                xTaskGenericNotifyWait
 .text.ulTaskGenericNotifyTake
                0x00003ed2       0xe8 ./Free RTOS/tasks.o
                0x00003ed2                ulTaskGenericNotifyTake
 .text.vTaskPlaceOnUnorderedEventList
                0x00003fba       0x88 ./Free RTOS/tasks.o
                0x00003fba                vTaskPlaceOnUnorderedEventList
 .text.vTaskDelay
                0x00004042       0x26 ./Free RTOS/tasks.o
                0x00004042                vTaskDelay
 .text.vTaskPlaceOnEventList
                0x00004068       0x24 ./Free RTOS/tasks.o
                0x00004068                vTaskPlaceOnEventList
 .text.vTaskEndScheduler
                0x0000408c        0xc ./Free RTOS/tasks.o
                0x0000408c                vTaskEndScheduler
 .text.prvIdleTask
                0x00004098       0x5e ./Free RTOS/tasks.o
 .text.xTaskResumeFromISR
                0x000040f6       0xe8 ./Free RTOS/tasks.o
                0x000040f6                xTaskResumeFromISR
 .text.vTaskSuspend
                0x000041de       0xd0 ./Free RTOS/tasks.o
                0x000041de                vTaskSuspend
 .text.vTaskDelete
                0x000042ae       0xe4 ./Free RTOS/tasks.o
                0x000042ae                vTaskDelete
 .text.xTaskCreate
                0x00004392      0x242 ./Free RTOS/tasks.o
                0x00004392                xTaskCreate
 .text.vTaskStartScheduler
                0x000045d4       0x54 ./Free RTOS/tasks.o
                0x000045d4                vTaskStartScheduler
 .text.main     0x00004628      0x112 ./APP/main.o
                0x00004628                main
 .text.TasK4    0x0000473a      0x1ac ./APP/main.o
                0x0000473a                TasK4
 .text.TasK3    0x000048e6      0x116 ./APP/main.o
                0x000048e6                TasK3
 .text.TasK2    0x000049fc       0xd6 ./APP/main.o
                0x000049fc                TasK2
 .text.TasK1    0x00004ad2      0x16c ./APP/main.o
                0x00004ad2                TasK1
 .text.libgcc   0x00004c3e       0x28 c:/users/hp/downloads/imt_sdk_win_64/imt_sdk_win_64/winavr/bin/../lib/gcc/avr/4.3.3/avr5\libgcc.a(_udivmodhi4.o)
                0x00004c3e                __udivmodhi4
 .text.libgcc   0x00004c66       0x44 c:/users/hp/downloads/imt_sdk_win_64/imt_sdk_win_64/winavr/bin/../lib/gcc/avr/4.3.3/avr5\libgcc.a(_udivmodsi4.o)
                0x00004c66                __udivmodsi4
 .text.libgcc   0x00004caa        0x0 c:/users/hp/downloads/imt_sdk_win_64/imt_sdk_win_64/winavr/bin/../lib/gcc/avr/4.3.3/avr5\libgcc.a(_exit.o)
 .text.libgcc   0x00004caa        0x0 c:/users/hp/downloads/imt_sdk_win_64/imt_sdk_win_64/winavr/bin/../lib/gcc/avr/4.3.3/avr5\libgcc.a(_copy_data.o)
 .text.libgcc   0x00004caa        0x0 c:/users/hp/downloads/imt_sdk_win_64/imt_sdk_win_64/winavr/bin/../lib/gcc/avr/4.3.3/avr5\libgcc.a(_clear_bss.o)
 .text.avr-libc
                0x00004caa       0x12 c:/users/hp/downloads/imt_sdk_win_64/imt_sdk_win_64/winavr/bin/../lib/gcc/avr/4.3.3/../../../../avr/lib/avr5\libc.a(memcpy.o)
                0x00004caa                memcpy
                0x00004cbc                . = ALIGN (0x2)
 *(.fini9)
 .fini9         0x00004cbc        0x0 c:/users/hp/downloads/imt_sdk_win_64/imt_sdk_win_64/winavr/bin/../lib/gcc/avr/4.3.3/avr5\libgcc.a(_exit.o)
                0x00004cbc                exit
                0x00004cbc                _exit
 *(.fini9)
 *(.fini8)
 *(.fini8)
 *(.fini7)
 *(.fini7)
 *(.fini6)
 *(.fini6)
 *(.fini5)
 *(.fini5)
 *(.fini4)
 *(.fini4)
 *(.fini3)
 *(.fini3)
 *(.fini2)
 *(.fini2)
 *(.fini1)
 *(.fini1)
 *(.fini0)
 .fini0         0x00004cbc        0x4 c:/users/hp/downloads/imt_sdk_win_64/imt_sdk_win_64/winavr/bin/../lib/gcc/avr/4.3.3/avr5\libgcc.a(_exit.o)
 *(.fini0)
                0x00004cc0                _etext = .

.data           0x00800060       0xb4 load address 0x00004cc0
                0x00800060                PROVIDE (__data_start, .)
 *(.data)
 .data          0x00800060        0x0 c:/users/hp/downloads/imt_sdk_win_64/imt_sdk_win_64/winavr/bin/../lib/gcc/avr/4.3.3/../../../../avr/lib/avr5/crtm32.o
 .data          0x00800060        0x0 ./MCAL/GIE/GIE_prog.o
 .data          0x00800060        0x0 ./MCAL/DIO/DIO_prog.o
 .data          0x00800060        0x0 ./MCAL/ADC/ADC_prog.o
 .data          0x00800060        0x0 ./HAL/LCD_KIT/LCD_KIT_prog.o
 .data          0x00800060        0x0 ./HAL/KEYBAD/KEYBAD_prog.o
 .data          0x00800060        0x0 ./Free RTOS/croutine.o
 .data          0x00800060        0x0 ./Free RTOS/event_groups.o
 .data          0x00800060        0x0 ./Free RTOS/heap_1.o
 .data          0x00800060        0x0 ./Free RTOS/list.o
 .data          0x00800060        0x0 ./Free RTOS/mpu_wrappers.o
 .data          0x00800060        0x0 ./Free RTOS/port.o
 .data          0x00800060        0x0 ./Free RTOS/queue.o
 .data          0x00800060        0xa ./Free RTOS/regtest.o
 .data          0x0080006a        0x0 ./Free RTOS/stream_buffer.o
 .data          0x0080006a        0x5 ./Free RTOS/tasks.o
 .data          0x0080006f        0x0 ./Free RTOS/timers.o
 .data          0x0080006f       0x89 ./APP/main.o
 .data          0x008000f8        0x0 c:/users/hp/downloads/imt_sdk_win_64/imt_sdk_win_64/winavr/bin/../lib/gcc/avr/4.3.3/avr5\libgcc.a(_udivmodhi4.o)
 .data          0x008000f8        0x0 c:/users/hp/downloads/imt_sdk_win_64/imt_sdk_win_64/winavr/bin/../lib/gcc/avr/4.3.3/avr5\libgcc.a(_udivmodsi4.o)
 .data          0x008000f8        0x0 c:/users/hp/downloads/imt_sdk_win_64/imt_sdk_win_64/winavr/bin/../lib/gcc/avr/4.3.3/avr5\libgcc.a(_exit.o)
 .data          0x008000f8        0x0 c:/users/hp/downloads/imt_sdk_win_64/imt_sdk_win_64/winavr/bin/../lib/gcc/avr/4.3.3/avr5\libgcc.a(_copy_data.o)
 .data          0x008000f8        0x0 c:/users/hp/downloads/imt_sdk_win_64/imt_sdk_win_64/winavr/bin/../lib/gcc/avr/4.3.3/avr5\libgcc.a(_clear_bss.o)
 .data          0x008000f8        0x0 c:/users/hp/downloads/imt_sdk_win_64/imt_sdk_win_64/winavr/bin/../lib/gcc/avr/4.3.3/../../../../avr/lib/avr5\libc.a(memcpy.o)
 *(.data*)
 .data.uxTopUsedPriority
                0x008000f8        0x1 ./Free RTOS/tasks.o
                0x008000f8                uxTopUsedPriority
 .data.Keypad   0x008000f9       0x14 ./APP/main.o
                0x008000f9                Keypad
 .data.Password
                0x0080010d        0x5 ./APP/main.o
                0x0080010d                Password
 .data.Previous_operator.1975
                0x00800112        0x1 ./APP/main.o
 *(.rodata)
 *(.rodata*)
 *(.gnu.linkonce.d*)
                0x00800114                . = ALIGN (0x2)
 *fill*         0x00800113        0x1 00
                0x00800114                _edata = .
                0x00800114                PROVIDE (__data_end, .)

.bss            0x00800114      0x663
                0x00800114                PROVIDE (__bss_start, .)
 *(.bss)
 .bss           0x00800114        0x0 c:/users/hp/downloads/imt_sdk_win_64/imt_sdk_win_64/winavr/bin/../lib/gcc/avr/4.3.3/../../../../avr/lib/avr5/crtm32.o
 .bss           0x00800114        0x0 ./MCAL/GIE/GIE_prog.o
 .bss           0x00800114        0x0 ./MCAL/DIO/DIO_prog.o
 .bss           0x00800114        0x0 ./MCAL/ADC/ADC_prog.o
 .bss           0x00800114        0x0 ./HAL/LCD_KIT/LCD_KIT_prog.o
 .bss           0x00800114        0x0 ./HAL/KEYBAD/KEYBAD_prog.o
 .bss           0x00800114        0x0 ./Free RTOS/croutine.o
 .bss           0x00800114        0x0 ./Free RTOS/event_groups.o
 .bss           0x00800114        0x0 ./Free RTOS/heap_1.o
 .bss           0x00800114        0x0 ./Free RTOS/list.o
 .bss           0x00800114        0x0 ./Free RTOS/mpu_wrappers.o
 .bss           0x00800114        0x0 ./Free RTOS/port.o
 .bss           0x00800114        0x0 ./Free RTOS/queue.o
 .bss           0x00800114        0x0 ./Free RTOS/regtest.o
 .bss           0x00800114        0x0 ./Free RTOS/stream_buffer.o
 .bss           0x00800114        0x0 ./Free RTOS/tasks.o
 .bss           0x00800114        0x0 ./Free RTOS/timers.o
 .bss           0x00800114        0x0 ./APP/main.o
 .bss           0x00800114        0x0 c:/users/hp/downloads/imt_sdk_win_64/imt_sdk_win_64/winavr/bin/../lib/gcc/avr/4.3.3/avr5\libgcc.a(_udivmodhi4.o)
 .bss           0x00800114        0x0 c:/users/hp/downloads/imt_sdk_win_64/imt_sdk_win_64/winavr/bin/../lib/gcc/avr/4.3.3/avr5\libgcc.a(_udivmodsi4.o)
 .bss           0x00800114        0x0 c:/users/hp/downloads/imt_sdk_win_64/imt_sdk_win_64/winavr/bin/../lib/gcc/avr/4.3.3/avr5\libgcc.a(_exit.o)
 .bss           0x00800114        0x0 c:/users/hp/downloads/imt_sdk_win_64/imt_sdk_win_64/winavr/bin/../lib/gcc/avr/4.3.3/avr5\libgcc.a(_copy_data.o)
 .bss           0x00800114        0x0 c:/users/hp/downloads/imt_sdk_win_64/imt_sdk_win_64/winavr/bin/../lib/gcc/avr/4.3.3/avr5\libgcc.a(_clear_bss.o)
 .bss           0x00800114        0x0 c:/users/hp/downloads/imt_sdk_win_64/imt_sdk_win_64/winavr/bin/../lib/gcc/avr/4.3.3/../../../../avr/lib/avr5\libc.a(memcpy.o)
 *(.bss*)
 .bss.ADC_ISR   0x00800114        0x2 ./MCAL/ADC/ADC_prog.o
                0x00800114                ADC_ISR
 .bss.xNextFreeByte
                0x00800116        0x2 ./Free RTOS/heap_1.o
 .bss.pucAlignedHeap.1675
                0x00800118        0x2 ./Free RTOS/heap_1.o
 .bss.ucHeap    0x0080011a      0x5dc ./Free RTOS/heap_1.o
 .bss.xRegTestError
                0x008006f6        0x1 ./Free RTOS/regtest.o
                0x008006f6                xRegTestError
 .bss.pxCurrentTCB
                0x008006f7        0x2 ./Free RTOS/tasks.o
                0x008006f7                pxCurrentTCB
 .bss.uxSchedulerSuspended
                0x008006f9        0x1 ./Free RTOS/tasks.o
 .bss.uxTopReadyPriority
                0x008006fa        0x1 ./Free RTOS/tasks.o
 .bss.xYieldPending
                0x008006fb        0x1 ./Free RTOS/tasks.o
 .bss.xTickCount
                0x008006fc        0x2 ./Free RTOS/tasks.o
 .bss.xNextTaskUnblockTime
                0x008006fe        0x2 ./Free RTOS/tasks.o
 .bss.xNumOfOverflows
                0x00800700        0x1 ./Free RTOS/tasks.o
 .bss.xPendedTicks
                0x00800701        0x2 ./Free RTOS/tasks.o
 .bss.uxCurrentNumberOfTasks
                0x00800703        0x1 ./Free RTOS/tasks.o
 .bss.xSchedulerRunning
                0x00800704        0x1 ./Free RTOS/tasks.o
 .bss.xIdleTaskHandle
                0x00800705        0x2 ./Free RTOS/tasks.o
 .bss.uxDeletedTasksWaitingCleanUp
                0x00800707        0x1 ./Free RTOS/tasks.o
 .bss.uxTaskNumber
                0x00800708        0x1 ./Free RTOS/tasks.o
 .bss.pxReadyTasksLists
                0x00800709       0x24 ./Free RTOS/tasks.o
 .bss.xDelayedTaskList1
                0x0080072d        0x9 ./Free RTOS/tasks.o
 .bss.xDelayedTaskList2
                0x00800736        0x9 ./Free RTOS/tasks.o
 .bss.pxDelayedTaskList
                0x0080073f        0x2 ./Free RTOS/tasks.o
 .bss.pxOverflowDelayedTaskList
                0x00800741        0x2 ./Free RTOS/tasks.o
 .bss.xPendingReadyList
                0x00800743        0x9 ./Free RTOS/tasks.o
 .bss.xTasksWaitingTermination
                0x0080074c        0x9 ./Free RTOS/tasks.o
 .bss.xSuspendedTaskList
                0x00800755        0x9 ./Free RTOS/tasks.o
 .bss.Queue_Index
                0x0080075e        0x1 ./APP/main.o
                0x0080075e                Queue_Index
 .bss.Task1_Handler
                0x0080075f        0x2 ./APP/main.o
                0x0080075f                Task1_Handler
 .bss.Task2_Handler
                0x00800761        0x2 ./APP/main.o
                0x00800761                Task2_Handler
 .bss.Task3_Handler
                0x00800763        0x2 ./APP/main.o
                0x00800763                Task3_Handler
 .bss.Task4_Handler
                0x00800765        0x2 ./APP/main.o
                0x00800765                Task4_Handler
 .bss.opr.1973  0x00800767        0x1 ./APP/main.o
 .bss.res.1972  0x00800768        0x2 ./APP/main.o
 *(COMMON)
 COMMON         0x0080076a        0xd ./APP/main.o
                0x0080076a                xEventGroup
                0x0080076c                Mutex_LCD
                0x0080076e                COL
                0x0080076f                ROW
                0x00800770                xQueue_Password
                0x00800772                uxBits
                0x00800774                xQueue_Equation
                0x00800776                Flag
                0x00800777                PROVIDE (__bss_end, .)
                0x00004cc0                __data_load_start = LOADADDR (.data)
                0x00004d74                __data_load_end = (__data_load_start + SIZEOF (.data))

.noinit         0x00800777        0x0
                0x00800777                PROVIDE (__noinit_start, .)
 *(.noinit*)
                0x00800777                PROVIDE (__noinit_end, .)
                0x00800777                _end = .
                0x00800777                PROVIDE (__heap_start, .)

.eeprom         0x00810000        0x0
 *(.eeprom*)
                0x00810000                __eeprom_end = .

.fuse
 *(.fuse)
 *(.lfuse)
 *(.hfuse)
 *(.efuse)

.lock
 *(.lock*)

.signature
 *(.signature*)

.stab           0x00000000     0xa908
 *(.stab)
 .stab          0x00000000      0x1c8 ./MCAL/GIE/GIE_prog.o
 .stab          0x000001c8      0x654 ./MCAL/DIO/DIO_prog.o
                                0x6d8 (size before relaxing)
 .stab          0x0000081c      0x39c ./MCAL/ADC/ADC_prog.o
                                0x420 (size before relaxing)
 .stab          0x00000bb8      0x99c ./HAL/LCD_KIT/LCD_KIT_prog.o
                                0xa20 (size before relaxing)
 .stab          0x00001554      0x2dc ./HAL/KEYBAD/KEYBAD_prog.o
                                0x360 (size before relaxing)
 .stab          0x00001830      0x4bc ./Free RTOS/croutine.o
                                0x648 (size before relaxing)
 .stab          0x00001cec      0xaa4 ./Free RTOS/event_groups.o
                                0xde0 (size before relaxing)
 .stab          0x00002790      0x2f4 ./Free RTOS/heap_1.o
                                0x7bc (size before relaxing)
 .stab          0x00002a84      0x474 ./Free RTOS/list.o
                                0x870 (size before relaxing)
 .stab          0x00002ef8      0x1f8 ./Free RTOS/mpu_wrappers.o
                                0x6d8 (size before relaxing)
 .stab          0x000030f0      0x558 ./Free RTOS/port.o
                                0xa14 (size before relaxing)
 .stab          0x00003648     0x1bb4 ./Free RTOS/queue.o
                               0x20ac (size before relaxing)
 .stab          0x000051fc      0xe94 ./Free RTOS/regtest.o
                               0x1320 (size before relaxing)
 .stab          0x00006090     0x11e8 ./Free RTOS/stream_buffer.o
                               0x1668 (size before relaxing)
 .stab          0x00007278     0x258c ./Free RTOS/tasks.o
                               0x2a84 (size before relaxing)
 .stab          0x00009804      0x1a4 ./Free RTOS/timers.o
                                0x6cc (size before relaxing)
 .stab          0x000099a8      0xf60 ./APP/main.o
                               0x11c4 (size before relaxing)

.stabstr        0x00000000     0x64a1
 *(.stabstr)
 .stabstr       0x00000000     0x64a1 ./MCAL/GIE/GIE_prog.o

.stab.excl
 *(.stab.excl)

.stab.exclstr
 *(.stab.exclstr)

.stab.index
 *(.stab.index)

.stab.indexstr
 *(.stab.indexstr)

.comment
 *(.comment)

.debug
 *(.debug)

.line
 *(.line)

.debug_srcinfo
 *(.debug_srcinfo)

.debug_sfnames
 *(.debug_sfnames)

.debug_aranges
 *(.debug_aranges)

.debug_pubnames
 *(.debug_pubnames)

.debug_info
 *(.debug_info)
 *(.gnu.linkonce.wi.*)

.debug_abbrev
 *(.debug_abbrev)

.debug_line
 *(.debug_line)

.debug_frame
 *(.debug_frame)

.debug_str
 *(.debug_str)

.debug_loc
 *(.debug_loc)

.debug_macinfo
 *(.debug_macinfo)
OUTPUT(TEST.elf elf32-avr)
LOAD linker stubs
