Archive member included to satisfy reference by file (symbol)

C:/ST/STM32CubeIDE_1.13.1/STM32CubeIDE/plugins/com.st.stm32cube.ide.mcu.externaltools.gnu-tools-for-stm32.11.3.rel1.win32_1.1.0.202305231506/tools/bin/../lib/gcc/arm-none-eabi/11.3.1/../../../../arm-none-eabi/lib/thumb/v7e-m+fp/hard\libc_nano.a(libc_a-exit.o)
                              C:/ST/STM32CubeIDE_1.13.1/STM32CubeIDE/plugins/com.st.stm32cube.ide.mcu.externaltools.gnu-tools-for-stm32.11.3.rel1.win32_1.1.0.202305231506/tools/bin/../lib/gcc/arm-none-eabi/11.3.1/../../../../arm-none-eabi/lib/thumb/v7e-m+fp/hard/crt0.o (exit)
C:/ST/STM32CubeIDE_1.13.1/STM32CubeIDE/plugins/com.st.stm32cube.ide.mcu.externaltools.gnu-tools-for-stm32.11.3.rel1.win32_1.1.0.202305231506/tools/bin/../lib/gcc/arm-none-eabi/11.3.1/../../../../arm-none-eabi/lib/thumb/v7e-m+fp/hard\libc_nano.a(libc_a-findfp.o)
                              C:/ST/STM32CubeIDE_1.13.1/STM32CubeIDE/plugins/com.st.stm32cube.ide.mcu.externaltools.gnu-tools-for-stm32.11.3.rel1.win32_1.1.0.202305231506/tools/bin/../lib/gcc/arm-none-eabi/11.3.1/../../../../arm-none-eabi/lib/thumb/v7e-m+fp/hard\libc_nano.a(libc_a-exit.o) (__stdio_exit_handler)
C:/ST/STM32CubeIDE_1.13.1/STM32CubeIDE/plugins/com.st.stm32cube.ide.mcu.externaltools.gnu-tools-for-stm32.11.3.rel1.win32_1.1.0.202305231506/tools/bin/../lib/gcc/arm-none-eabi/11.3.1/../../../../arm-none-eabi/lib/thumb/v7e-m+fp/hard\libc_nano.a(libc_a-fwalk.o)
                              C:/ST/STM32CubeIDE_1.13.1/STM32CubeIDE/plugins/com.st.stm32cube.ide.mcu.externaltools.gnu-tools-for-stm32.11.3.rel1.win32_1.1.0.202305231506/tools/bin/../lib/gcc/arm-none-eabi/11.3.1/../../../../arm-none-eabi/lib/thumb/v7e-m+fp/hard\libc_nano.a(libc_a-findfp.o) (_fwalk_sglue)
C:/ST/STM32CubeIDE_1.13.1/STM32CubeIDE/plugins/com.st.stm32cube.ide.mcu.externaltools.gnu-tools-for-stm32.11.3.rel1.win32_1.1.0.202305231506/tools/bin/../lib/gcc/arm-none-eabi/11.3.1/../../../../arm-none-eabi/lib/thumb/v7e-m+fp/hard\libc_nano.a(libc_a-stdio.o)
                              C:/ST/STM32CubeIDE_1.13.1/STM32CubeIDE/plugins/com.st.stm32cube.ide.mcu.externaltools.gnu-tools-for-stm32.11.3.rel1.win32_1.1.0.202305231506/tools/bin/../lib/gcc/arm-none-eabi/11.3.1/../../../../arm-none-eabi/lib/thumb/v7e-m+fp/hard\libc_nano.a(libc_a-findfp.o) (__sread)
C:/ST/STM32CubeIDE_1.13.1/STM32CubeIDE/plugins/com.st.stm32cube.ide.mcu.externaltools.gnu-tools-for-stm32.11.3.rel1.win32_1.1.0.202305231506/tools/bin/../lib/gcc/arm-none-eabi/11.3.1/../../../../arm-none-eabi/lib/thumb/v7e-m+fp/hard\libc_nano.a(libc_a-memset.o)
                              C:/ST/STM32CubeIDE_1.13.1/STM32CubeIDE/plugins/com.st.stm32cube.ide.mcu.externaltools.gnu-tools-for-stm32.11.3.rel1.win32_1.1.0.202305231506/tools/bin/../lib/gcc/arm-none-eabi/11.3.1/../../../../arm-none-eabi/lib/thumb/v7e-m+fp/hard/crt0.o (memset)
C:/ST/STM32CubeIDE_1.13.1/STM32CubeIDE/plugins/com.st.stm32cube.ide.mcu.externaltools.gnu-tools-for-stm32.11.3.rel1.win32_1.1.0.202305231506/tools/bin/../lib/gcc/arm-none-eabi/11.3.1/../../../../arm-none-eabi/lib/thumb/v7e-m+fp/hard\libc_nano.a(libc_a-closer.o)
                              C:/ST/STM32CubeIDE_1.13.1/STM32CubeIDE/plugins/com.st.stm32cube.ide.mcu.externaltools.gnu-tools-for-stm32.11.3.rel1.win32_1.1.0.202305231506/tools/bin/../lib/gcc/arm-none-eabi/11.3.1/../../../../arm-none-eabi/lib/thumb/v7e-m+fp/hard\libc_nano.a(libc_a-stdio.o) (_close_r)
C:/ST/STM32CubeIDE_1.13.1/STM32CubeIDE/plugins/com.st.stm32cube.ide.mcu.externaltools.gnu-tools-for-stm32.11.3.rel1.win32_1.1.0.202305231506/tools/bin/../lib/gcc/arm-none-eabi/11.3.1/../../../../arm-none-eabi/lib/thumb/v7e-m+fp/hard\libc_nano.a(libc_a-reent.o)
                              C:/ST/STM32CubeIDE_1.13.1/STM32CubeIDE/plugins/com.st.stm32cube.ide.mcu.externaltools.gnu-tools-for-stm32.11.3.rel1.win32_1.1.0.202305231506/tools/bin/../lib/gcc/arm-none-eabi/11.3.1/../../../../arm-none-eabi/lib/thumb/v7e-m+fp/hard\libc_nano.a(libc_a-closer.o) (errno)
C:/ST/STM32CubeIDE_1.13.1/STM32CubeIDE/plugins/com.st.stm32cube.ide.mcu.externaltools.gnu-tools-for-stm32.11.3.rel1.win32_1.1.0.202305231506/tools/bin/../lib/gcc/arm-none-eabi/11.3.1/../../../../arm-none-eabi/lib/thumb/v7e-m+fp/hard\libc_nano.a(libc_a-impure.o)
                              C:/ST/STM32CubeIDE_1.13.1/STM32CubeIDE/plugins/com.st.stm32cube.ide.mcu.externaltools.gnu-tools-for-stm32.11.3.rel1.win32_1.1.0.202305231506/tools/bin/../lib/gcc/arm-none-eabi/11.3.1/../../../../arm-none-eabi/lib/thumb/v7e-m+fp/hard\libc_nano.a(libc_a-reent.o) (_impure_ptr)
C:/ST/STM32CubeIDE_1.13.1/STM32CubeIDE/plugins/com.st.stm32cube.ide.mcu.externaltools.gnu-tools-for-stm32.11.3.rel1.win32_1.1.0.202305231506/tools/bin/../lib/gcc/arm-none-eabi/11.3.1/../../../../arm-none-eabi/lib/thumb/v7e-m+fp/hard\libc_nano.a(libc_a-lseekr.o)
[...]
Memory Configuration

Name             Origin             Length             Attributes
CCMRAM           0x0000000010000000 0x0000000000004000 xrw
RAM              0x0000000020000000 0x0000000000010000 xrw
FLASH            0x0000000008000000 0x0000000000080000 xr
*default*        0x0000000000000000 0xffffffffffffffff

Linker script and memory map

LOAD C:/ST/STM32CubeIDE_1.13.1/STM32CubeIDE/plugins/com.st.stm32cube.ide.mcu.externaltools.gnu-tools-for-stm32.11.3.rel1.win32_1.1.0.202305231506/tools/bin/../lib/gcc/arm-none-eabi/11.3.1/thumb/v7e-m+fp/hard/crti.o
LOAD C:/ST/STM32CubeIDE_1.13.1/STM32CubeIDE/plugins/com.st.stm32cube.ide.mcu.externaltools.gnu-tools-for-stm32.11.3.rel1.win32_1.1.0.202305231506/tools/bin/../lib/gcc/arm-none-eabi/11.3.1/thumb/v7e-m+fp/hard/crtbegin.o
LOAD C:/ST/STM32CubeIDE_1.13.1/STM32CubeIDE/plugins/com.st.stm32cube.ide.mcu.externaltools.gnu-tools-for-stm32.11.3.rel1.win32_1.1.0.202305231506/tools/bin/../lib/gcc/arm-none-eabi/11.3.1/../../../../arm-none-eabi/lib/thumb/v7e-m+fp/hard/crt0.o
LOAD ./HAL/KEYBAD/KEYBAD_prog.o
LOAD ./HAL/LCD_KIT/LCD_KIT_prog.o
LOAD ./MCAL/DIO/DIO_prog.o
LOAD ./MCAL/EXTI0/EXTI0_prog.o
LOAD ./MCAL/NVIC/NVIC_prog.o
LOAD ./MCAL/RCC/RCC_prog.o
LOAD ./MCAL/SYSTICK/SYSTICK_prog.o
LOAD ./Src/main.o
LOAD ./Src/syscalls.o
LOAD ./Src/sysmem.o
LOAD ./Startup/startup_stm32f303retx.o
START GROUP
LOAD C:/ST/STM32CubeIDE_1.13.1/STM32CubeIDE/plugins/com.st.stm32cube.ide.mcu.externaltools.gnu-tools-for-stm32.11.3.rel1.win32_1.1.0.202305231506/tools/bin/../lib/gcc/arm-none-eabi/11.3.1/../../../../arm-none-eabi/lib/thumb/v7e-m+fp/hard\libc_nano.a
LOAD C:/ST/STM32CubeIDE_1.13.1/STM32CubeIDE/plugins/com.st.stm32cube.ide.mcu.externaltools.gnu-tools-for-stm32.11.3.rel1.win32_1.1.0.202305231506/tools/bin/../lib/gcc/arm-none-eabi/11.3.1/../../../../arm-none-eabi/lib/thumb/v7e-m+fp/hard\libm.a
END GROUP
START GROUP
LOAD C:/ST/STM32CubeIDE_1.13.1/STM32CubeIDE/plugins/com.st.stm32cube.ide.mcu.externaltools.gnu-tools-for-stm32.11.3.rel1.win32_1.1.0.202305231506/tools/bin/../lib/gcc/arm-none-eabi/11.3.1/thumb/v7e-m+fp/hard\libgcc.a
LOAD C:/ST/STM32CubeIDE_1.13.1/STM32CubeIDE/plugins/com.st.stm32cube.ide.mcu.externaltools.gnu-tools-for-stm32.11.3.rel1.win32_1.1.0.202305231506/tools/bin/../lib/gcc/arm-none-eabi/11.3.1/../../../../arm-none-eabi/lib/thumb/v7e-m+fp/hard\libc_nano.a
END GROUP
START GROUP
LOAD C:/ST/STM32CubeIDE_1.13.1/STM32CubeIDE/plugins/com.st.stm32cube.ide.mcu.externaltools.gnu-tools-for-stm32.11.3.rel1.win32_1.1.0.202305231506/tools/bin/../lib/gcc/arm-none-eabi/11.3.1/thumb/v7e-m+fp/hard\libgcc.a
LOAD C:/ST/STM32CubeIDE_1.13.1/STM32CubeIDE/plugins/com.st.stm32cube.ide.mcu.externaltools.gnu-tools-for-stm32.11.3.rel1.win32_1.1.0.202305231506/tools/bin/../lib/gcc/arm-none-eabi/11.3.1/../../../../arm-none-eabi/lib/thumb/v7e-m+fp/hard\libc_nano.a
LOAD C:/ST/STM32CubeIDE_1.13.1/STM32CubeIDE/plugins/com.st.stm32cube.ide.mcu.externaltools.gnu-tools-for-stm32.11.3.rel1.win32_1.1.0.202305231506/tools/bin/../lib/gcc/arm-none-eabi/11.3.1/../../../../arm-none-eabi/lib/thumb/v7e-m+fp/hard\libnosys.a
END GROUP
START GROUP
LOAD C:/ST/STM32CubeIDE_1.13.1/STM32CubeIDE/plugins/com.st.stm32cube.ide.mcu.externaltools.gnu-tools-for-stm32.11.3.rel1.win32_1.1.0.202305231506/tools/bin/../lib/gcc/arm-none-eabi/11.3.1/thumb/v7e-m+fp/hard\libgcc.a
LOAD C:/ST/STM32CubeIDE_1.13.1/STM32CubeIDE/plugins/com.st.stm32cube.ide.mcu.externaltools.gnu-tools-for-stm32.11.3.rel1.win32_1.1.0.202305231506/tools/bin/../lib/gcc/arm-none-eabi/11.3.1/../../../../arm-none-eabi/lib/thumb/v7e-m+fp/hard\libc_nano.a
LOAD C:/ST/STM32CubeIDE_1.13.1/STM32CubeIDE/plugins/com.st.stm32cube.ide.mcu.externaltools.gnu-tools-for-stm32.11.3.rel1.win32_1.1.0.202305231506/tools/bin/../lib/gcc/arm-none-eabi/11.3.1/../../../../arm-none-eabi/lib/thumb/v7e-m+fp/hard\libnosys.a
END GROUP
LOAD C:/ST/STM32CubeIDE_1.13.1/STM32CubeIDE/plugins/com.st.stm32cube.ide.mcu.externaltools.gnu-tools-for-stm32.11.3.rel1.win32_1.1.0.202305231506/tools/bin/../lib/gcc/arm-none-eabi/11.3.1/thumb/v7e-m+fp/hard/crtend.o
LOAD C:/ST/STM32CubeIDE_1.13.1/STM32CubeIDE/plugins/com.st.stm32cube.ide.mcu.externaltools.gnu-tools-for-stm32.11.3.rel1.win32_1.1.0.202305231506/tools/bin/../lib/gcc/arm-none-eabi/11.3.1/thumb/v7e-m+fp/hard/crtn.o
                0x0000000020010000                _estack = (ORIGIN (RAM) + LENGTH (RAM))
                0x0000000000000200                _Min_Heap_Size = 0x200
                0x0000000000000400                _Min_Stack_Size = 0x400

.isr_vector     0x0000000008000000      0x194
                0x0000000008000000                . = ALIGN (0x4)
 *(.isr_vector)
 .isr_vector    0x0000000008000000      0x194 ./Startup/startup_stm32f303retx.o
                0x0000000008000000                g_pfnVectors
                0x0000000008000194                . = ALIGN (0x4)

.text           0x0000000008000194     0x1f6c
                0x0000000008000194                . = ALIGN (0x4)
 *(.text)
 .text          0x0000000008000194       0x40 C:/ST/STM32CubeIDE_1.13.1/STM32CubeIDE/plugins/com.st.stm32cube.ide.mcu.externaltools.gnu-tools-for-stm32.11.3.rel1.win32_1.1.0.202305231506/tools/bin/../lib/gcc/arm-none-eabi/11.3.1/thumb/v7e-m+fp/hard/crtbegin.o
 *(.text*)
 .text.DIO_voidInitialization
                0x00000000080001d4       0x26 ./MCAL/DIO/DIO_prog.o
                0x00000000080001d4                DIO_voidInitialization
 *fill*         0x00000000080001fa        0x2 
 .text.DIO_voidSetPinDirection
                0x00000000080001fc     0x1668 ./MCAL/DIO/DIO_prog.o
                0x00000000080001fc                DIO_voidSetPinDirection
 .text.DIO_voidSetPinValue
                0x0000000008001864      0x20c ./MCAL/DIO/DIO_prog.o
                0x0000000008001864                DIO_voidSetPinValue
 .text.DIO_voidTogPinValue
                0x0000000008001a70      0x118 ./MCAL/DIO/DIO_prog.o
                0x0000000008001a70                DIO_voidTogPinValue
 .text.EXTI_voidInitialization
                0x0000000008001b88       0x18 ./MCAL/EXTI0/EXTI0_prog.o
                0x0000000008001b88                EXTI_voidInitialization
 .text.EXTI_voidSetSenseMode
                0x0000000008001ba0       0x8c ./MCAL/EXTI0/EXTI0_prog.o
                0x0000000008001ba0                EXTI_voidSetSenseMode
 .text.EXTI_voidLineEnable
                0x0000000008001c2c       0x30 ./MCAL/EXTI0/EXTI0_prog.o
                0x0000000008001c2c                EXTI_voidLineEnable
 .text.EXTI_voidClrInterruptFlag
                0x0000000008001c5c       0x30 ./MCAL/EXTI0/EXTI0_prog.o
                0x0000000008001c5c                EXTI_voidClrInterruptFlag
 .text.NVIC_voidInit
                0x0000000008001c8c       0x1c ./MCAL/NVIC/NVIC_prog.o
                0x0000000008001c8c                NVIC_voidInit
 .text.NVIC_voidEnableInterrupt
                0x0000000008001ca8       0x5c ./MCAL/NVIC/NVIC_prog.o
                0x0000000008001ca8                NVIC_voidEnableInterrupt
 .text.NVIC_voidSetPendingFlag
                0x0000000008001d04       0x5c ./MCAL/NVIC/NVIC_prog.o
                0x0000000008001d04                NVIC_voidSetPendingFlag
 .text.NVIC_voidClrPendingFlag
                0x0000000008001d60       0x5c ./MCAL/NVIC/NVIC_prog.o
                0x0000000008001d60                NVIC_voidClrPendingFlag
 .text.RCC_voidSysClkInit
                0x0000000008001dbc       0x54 ./MCAL/RCC/RCC_prog.o
                0x0000000008001dbc                RCC_voidSysClkInit
 .text.RCC_voidPerClkEn
                0x0000000008001e10       0x80 ./MCAL/RCC/RCC_prog.o
                0x0000000008001e10                RCC_voidPerClkEn
 .text.SYSTICK_voidInitializatio
                0x0000000008001e90       0x2c ./MCAL/SYSTICK/SYSTICK_prog.o
                0x0000000008001e90                SYSTICK_voidInitializatio
 .text.SYSTICK_voidInterruptEnable
                0x0000000008001ebc       0x20 ./MCAL/SYSTICK/SYSTICK_prog.o
                0x0000000008001ebc                SYSTICK_voidInterruptEnable
 .text.SYSTICK_voidSetReloadValue
                0x0000000008001edc       0x20 ./MCAL/SYSTICK/SYSTICK_prog.o
                0x0000000008001edc                SYSTICK_voidSetReloadValue
 .text.SYSTICK_CallBack
                0x0000000008001efc       0x20 ./MCAL/SYSTICK/SYSTICK_prog.o
                0x0000000008001efc                SYSTICK_CallBack
 .text.SysTick_Handler
                0x0000000008001f1c       0x14 ./MCAL/SYSTICK/SYSTICK_prog.o
                0x0000000008001f1c                SysTick_Handler
 .text._delay_ms
                0x0000000008001f30       0x34 ./Src/main.o
                0x0000000008001f30                _delay_ms
 .text.SYSTICK_ISR
                0x0000000008001f64       0x18 ./Src/main.o
                0x0000000008001f64                SYSTICK_ISR
 .text.main     0x0000000008001f7c       0x60 ./Src/main.o
                0x0000000008001f7c                main
 .text.EXTI0_IRQHandler
                0x0000000008001fdc       0x30 ./Src/main.o
                0x0000000008001fdc                EXTI0_IRQHandler
 .text.EXTI1_IRQHandler
                0x000000000800200c       0x28 ./Src/main.o
                0x000000000800200c                EXTI1_IRQHandler
 .text.EXTI15_10_IRQHandler
                0x0000000008002034       0x16 ./Src/main.o
                0x0000000008002034                EXTI15_10_IRQHandler
 *fill*         0x000000000800204a        0x2 
 .text.Reset_Handler
                0x000000000800204c       0x50 ./Startup/startup_stm32f303retx.o
                0x000000000800204c                Reset_Handler
 .text.Default_Handler
                0x000000000800209c        0x2 ./Startup/startup_stm32f303retx.o
                0x000000000800209c                TIM8_TRG_COM_IRQHandler
                0x000000000800209c                TIM8_CC_IRQHandler
                0x000000000800209c                DebugMon_Handler
                0x000000000800209c                DMA1_CH4_IRQHandler
                0x000000000800209c                SPI4_IRQHandler
                0x000000000800209c                TIM1_CC_IRQHandler
                0x000000000800209c                HardFault_Handler
                0x000000000800209c                USB_HP_IRQHandler
                0x000000000800209c                I2C2_EV_EXTI24_IRQHandler
                0x000000000800209c                USB_WKUP_EXTI_IRQHandler
                0x000000000800209c                PVD_IRQHandler
                0x000000000800209c                UART4_EXTI34_IRQHandler
                0x000000000800209c                TAMP_STAMP_IRQHandler
                0x000000000800209c                PendSV_Handler
                0x000000000800209c                NMI_Handler
                0x000000000800209c                EXTI3_IRQHandler
                0x000000000800209c                I2C3_ER_IRQHandler
                0x000000000800209c                TIM6_DACUNDER_IRQHandler
                0x000000000800209c                USB_HP_CAN_TX_IRQHandler
                0x000000000800209c                DMA2_CH1_IRQHandler
                0x000000000800209c                TIM1_UP_TIM16_IRQHandler
                0x000000000800209c                UsageFault_Handler
                0x000000000800209c                ADC1_2_IRQHandler
                0x000000000800209c                SPI1_IRQHandler
                0x000000000800209c                CAN_SCE_IRQHandler
                0x000000000800209c                DMA1_CH7_IRQHandler
                0x000000000800209c                TIM8_UP_IRQHandler
                0x000000000800209c                COMP456_IRQHandler
                0x000000000800209c                DMA1_CH6_IRQHandler
                0x000000000800209c                TIM20_TRG_COM_IRQHandler
                0x000000000800209c                ADC3_IRQHandler
                0x000000000800209c                TIM4_IRQHandler
                0x000000000800209c                CAN_RX1_IRQHandler
                0x000000000800209c                USART1_EXTI25_IRQHandler
                0x000000000800209c                DMA2_CH5_IRQHandler
                0x000000000800209c                I2C1_EV_EXTI23_IRQHandler
                0x000000000800209c                DMA1_CH3_IRQHandler
                0x000000000800209c                TIM3_IRQHandler
                0x000000000800209c                RCC_IRQHandler
                0x000000000800209c                TIM20_UP_IRQHandler
                0x000000000800209c                Default_Handler
                0x000000000800209c                USART2_EXTI26_IRQHandler
                0x000000000800209c                USART3_EXTI28_IRQHandler
                0x000000000800209c                TIM7_IRQHandler
                0x000000000800209c                I2C3_EV_IRQHandler
                0x000000000800209c                EXTI9_5_IRQHandler
                0x000000000800209c                DMA1_CH2_IRQHandler
                0x000000000800209c                RTC_WKUP_IRQHandler
                0x000000000800209c                SPI2_IRQHandler
                0x000000000800209c                DMA1_CH1_IRQHandler
                0x000000000800209c                USB_LP_CAN_RX0_IRQHandler
                0x000000000800209c                MemManage_Handler
                0x000000000800209c                COMP123_IRQHandler
                0x000000000800209c                SVC_Handler
                0x000000000800209c                USB_LP_IRQHandler
                0x000000000800209c                EXTI4_IRQHandler
                0x000000000800209c                TIM1_TRG_COM_TIM17_IRQHandler
                0x000000000800209c                ADC4_IRQHandler
                0x000000000800209c                WWDG_IRQHandler
                0x000000000800209c                TIM2_IRQHandler
                0x000000000800209c                COMP7_IRQHandler
                0x000000000800209c                RTCAlarm_IRQHandler
                0x000000000800209c                UART5_EXTI35_IRQHandler
                0x000000000800209c                TIM20_BRK_IRQHandler
                0x000000000800209c                I2C2_ER_IRQHandler
                0x000000000800209c                TIM8_BRK_IRQHandler
                0x000000000800209c                FLASH_IRQHandler
                0x000000000800209c                TIM20_CC_IRQHandler
                0x000000000800209c                BusFault_Handler
                0x000000000800209c                SPI3_IRQHandler
                0x000000000800209c                DMA2_CH3_IRQHandler
                0x000000000800209c                DMA2_CH2_IRQHandler
                0x000000000800209c                I2C1_ER_IRQHandler
                0x000000000800209c                FMC_IRQHandler
                0x000000000800209c                DMA1_CH5_IRQHandler
                0x000000000800209c                DMA2_CH4_IRQHandler
                0x000000000800209c                USB_WKUP_IRQHandler
                0x000000000800209c                EXTI2_TSC_IRQHandler
                0x000000000800209c                TIM1_BRK_TIM15_IRQHandler
 *fill*         0x000000000800209e        0x2 
 .text.__libc_init_array
                0x00000000080020a0       0x48 C:/ST/STM32CubeIDE_1.13.1/STM32CubeIDE/plugins/com.st.stm32cube.ide.mcu.externaltools.gnu-tools-for-stm32.11.3.rel1.win32_1.1.0.202305231506/tools/bin/../lib/gcc/arm-none-eabi/11.3.1/../../../../arm-none-eabi/lib/thumb/v7e-m+fp/hard\libc_nano.a(libc_a-init.o)
                0x00000000080020a0                __libc_init_array
 *(.glue_7)
 .glue_7        0x00000000080020e8        0x0 linker stubs
 *(.glue_7t)
 .glue_7t       0x00000000080020e8        0x0 linker stubs
 *(.eh_frame)
 .eh_frame      0x00000000080020e8        0x0 C:/ST/STM32CubeIDE_1.13.1/STM32CubeIDE/plugins/com.st.stm32cube.ide.mcu.externaltools.gnu-tools-for-stm32.11.3.rel1.win32_1.1.0.202305231506/tools/bin/../lib/gcc/arm-none-eabi/11.3.1/thumb/v7e-m+fp/hard/crtbegin.o
 *(.init)
 .init          0x00000000080020e8        0x4 C:/ST/STM32CubeIDE_1.13.1/STM32CubeIDE/plugins/com.st.stm32cube.ide.mcu.externaltools.gnu-tools-for-stm32.11.3.rel1.win32_1.1.0.202305231506/tools/bin/../lib/gcc/arm-none-eabi/11.3.1/thumb/v7e-m+fp/hard/crti.o
                0x00000000080020e8                _init
 .init          0x00000000080020ec        0x8 C:/ST/STM32CubeIDE_1.13.1/STM32CubeIDE/plugins/com.st.stm32cube.ide.mcu.externaltools.gnu-tools-for-stm32.11.3.rel1.win32_1.1.0.202305231506/tools/bin/../lib/gcc/arm-none-eabi/11.3.1/thumb/v7e-m+fp/hard/crtn.o
 *(.fini)
 .fini          0x00000000080020f4        0x4 C:/ST/STM32CubeIDE_1.13.1/STM32CubeIDE/plugins/com.st.stm32cube.ide.mcu.externaltools.gnu-tools-for-stm32.11.3.rel1.win32_1.1.0.202305231506/tools/bin/../lib/gcc/arm-none-eabi/11.3.1/thumb/v7e-m+fp/hard/crti.o
                0x00000000080020f4                _fini
 .fini          0x00000000080020f8        0x8 C:/ST/STM32CubeIDE_1.13.1/STM32CubeIDE/plugins/com.st.stm32cube.ide.mcu.externaltools.gnu-tools-for-stm32.11.3.rel1.win32_1.1.0.202305231506/tools/bin/../lib/gcc/arm-none-eabi/11.3.1/thumb/v7e-m+fp/hard/crtn.o
                0x0000000008002100                . = ALIGN (0x4)
                0x0000000008002100                _etext = .

.vfp11_veneer   0x0000000008002100        0x0
 .vfp11_veneer  0x0000000008002100        0x0 linker stubs

.v4_bx          0x0000000008002100        0x0
 .v4_bx         0x0000000008002100        0x0 linker stubs

.iplt           0x0000000008002100        0x0
 .iplt          0x0000000008002100        0x0 C:/ST/STM32CubeIDE_1.13.1/STM32CubeIDE/plugins/com.st.stm32cube.ide.mcu.externaltools.gnu-tools-for-stm32.11.3.rel1.win32_1.1.0.202305231506/tools/bin/../lib/gcc/arm-none-eabi/11.3.1/thumb/v7e-m+fp/hard/crtbegin.o

.rel.dyn        0x0000000008002100        0x0
 .rel.iplt      0x0000000008002100        0x0 C:/ST/STM32CubeIDE_1.13.1/STM32CubeIDE/plugins/com.st.stm32cube.ide.mcu.externaltools.gnu-tools-for-stm32.11.3.rel1.win32_1.1.0.202305231506/tools/bin/../lib/gcc/arm-none-eabi/11.3.1/thumb/v7e-m+fp/hard/crtbegin.o

.rodata         0x0000000008002100        0x0
                0x0000000008002100                . = ALIGN (0x4)
 *(.rodata)
 *(.rodata*)
                0x0000000008002100                . = ALIGN (0x4)

.ARM.extab      0x0000000008002100        0x0
                0x0000000008002100                . = ALIGN (0x4)
 *(.ARM.extab* .gnu.linkonce.armextab.*)
                0x0000000008002100                . = ALIGN (0x4)

.ARM            0x0000000008002100        0x0
                0x0000000008002100                . = ALIGN (0x4)
                0x0000000008002100                __exidx_start = .
 *(.ARM.exidx*)
                0x0000000008002100                __exidx_end = .
                0x0000000008002100                . = ALIGN (0x4)

.preinit_array  0x0000000008002100        0x0
                0x0000000008002100                . = ALIGN (0x4)
                0x0000000008002100                PROVIDE (__preinit_array_start = .)
 *(.preinit_array*)
                0x0000000008002100                PROVIDE (__preinit_array_end = .)
                0x0000000008002100                . = ALIGN (0x4)

.init_array     0x0000000008002100        0x4
                0x0000000008002100                . = ALIGN (0x4)
                0x0000000008002100                PROVIDE (__init_array_start = .)
 *(SORT_BY_NAME(.init_array.*))
 *(.init_array*)
 .init_array    0x0000000008002100        0x4 C:/ST/STM32CubeIDE_1.13.1/STM32CubeIDE/plugins/com.st.stm32cube.ide.mcu.externaltools.gnu-tools-for-stm32.11.3.rel1.win32_1.1.0.202305231506/tools/bin/../lib/gcc/arm-none-eabi/11.3.1/thumb/v7e-m+fp/hard/crtbegin.o
                0x0000000008002104                PROVIDE (__init_array_end = .)
                0x0000000008002104                . = ALIGN (0x4)

.fini_array     0x0000000008002104        0x4
                0x0000000008002104                . = ALIGN (0x4)
                [!provide]                        PROVIDE (__fini_array_start = .)
 *(SORT_BY_NAME(.fini_array.*))
 *(.fini_array*)
 .fini_array    0x0000000008002104        0x4 C:/ST/STM32CubeIDE_1.13.1/STM32CubeIDE/plugins/com.st.stm32cube.ide.mcu.externaltools.gnu-tools-for-stm32.11.3.rel1.win32_1.1.0.202305231506/tools/bin/../lib/gcc/arm-none-eabi/11.3.1/thumb/v7e-m+fp/hard/crtbegin.o
                [!provide]                        PROVIDE (__fini_array_end = .)
                0x0000000008002108                . = ALIGN (0x4)
                0x0000000008002108                _sidata = LOADADDR (.data)

.data           0x0000000020000000        0x0 load address 0x0000000008002108
                0x0000000020000000                . = ALIGN (0x4)
                0x0000000020000000                _sdata = .
 *(.data)
 *(.data*)
 *(.RamFunc)
 *(.RamFunc*)
                0x0000000020000000                . = ALIGN (0x4)
                0x0000000020000000                _edata = .
                0x0000000008002108                _siccmram = LOADADDR (.ccmram)

.igot.plt       0x0000000020000000        0x0 load address 0x0000000008002108
 .igot.plt      0x0000000020000000        0x0 C:/ST/STM32CubeIDE_1.13.1/STM32CubeIDE/plugins/com.st.stm32cube.ide.mcu.externaltools.gnu-tools-for-stm32.11.3.rel1.win32_1.1.0.202305231506/tools/bin/../lib/gcc/arm-none-eabi/11.3.1/thumb/v7e-m+fp/hard/crtbegin.o

.ccmram         0x0000000010000000        0x0 load address 0x0000000008002108
                0x0000000010000000                . = ALIGN (0x4)
                0x0000000010000000                _sccmram = .
 *(.ccmram)
 *(.ccmram*)
                0x0000000010000000                . = ALIGN (0x4)
                0x0000000010000000                _eccmram = .
                0x0000000010000000                . = ALIGN (0x4)

.bss            0x0000000020000000       0x20
                0x0000000020000000                _sbss = .
                0x0000000020000000                __bss_start__ = _sbss
 *(.bss)
 .bss           0x0000000020000000       0x1c C:/ST/STM32CubeIDE_1.13.1/STM32CubeIDE/plugins/com.st.stm32cube.ide.mcu.externaltools.gnu-tools-for-stm32.11.3.rel1.win32_1.1.0.202305231506/tools/bin/../lib/gcc/arm-none-eabi/11.3.1/thumb/v7e-m+fp/hard/crtbegin.o
 *(.bss*)
 .bss.SYSTICK_PTR
                0x000000002000001c        0x4 ./MCAL/SYSTICK/SYSTICK_prog.o
                0x000000002000001c                SYSTICK_PTR
 *(COMMON)
                0x0000000020000020                . = ALIGN (0x4)
                0x0000000020000020                _ebss = .
                0x0000000020000020                __bss_end__ = _ebss

._user_heap_stack
                0x0000000020000020      0x600
                0x0000000020000020                . = ALIGN (0x8)
                [!provide]                        PROVIDE (end = .)
                0x0000000020000020                PROVIDE (_end = .)
                0x0000000020000220                . = (. + _Min_Heap_Size)
 *fill*         0x0000000020000020      0x200 
                0x0000000020000620                . = (. + _Min_Stack_Size)
 *fill*         0x0000000020000220      0x400 
                0x0000000020000620                . = ALIGN (0x8)

/DISCARD/
 libc.a(*)
 libm.a(*)
 libgcc.a(*)

.ARM.attributes
                0x0000000000000000       0x30
 *(.ARM.attributes)
 .ARM.attributes
                0x0000000000000000       0x1e C:/ST/STM32CubeIDE_1.13.1/STM32CubeIDE/plugins/com.st.stm32cube.ide.mcu.externaltools.gnu-tools-for-stm32.11.3.rel1.win32_1.1.0.202305231506/tools/bin/../lib/gcc/arm-none-eabi/11.3.1/thumb/v7e-m+fp/hard/crti.o
 .ARM.attributes
                0x000000000000001e       0x34 C:/ST/STM32CubeIDE_1.13.1/STM32CubeIDE/plugins/com.st.stm32cube.ide.mcu.externaltools.gnu-tools-for-stm32.11.3.rel1.win32_1.1.0.202305231506/tools/bin/../lib/gcc/arm-none-eabi/11.3.1/thumb/v7e-m+fp/hard/crtbegin.o
 .ARM.attributes
                0x0000000000000052       0x34 ./MCAL/DIO/DIO_prog.o
 .ARM.attributes
                0x0000000000000086       0x34 ./MCAL/EXTI0/EXTI0_prog.o
 .ARM.attributes
                0x00000000000000ba       0x34 ./MCAL/NVIC/NVIC_prog.o
 .ARM.attributes
                0x00000000000000ee       0x34 ./MCAL/RCC/RCC_prog.o
 .ARM.attributes
                0x0000000000000122       0x34 ./MCAL/SYSTICK/SYSTICK_prog.o
 .ARM.attributes
                0x0000000000000156       0x34 ./Src/main.o
 .ARM.attributes
                0x000000000000018a       0x21 ./Startup/startup_stm32f303retx.o
 .ARM.attributes
                0x00000000000001ab       0x34 C:/ST/STM32CubeIDE_1.13.1/STM32CubeIDE/plugins/com.st.stm32cube.ide.mcu.externaltools.gnu-tools-for-stm32.11.3.rel1.win32_1.1.0.202305231506/tools/bin/../lib/gcc/arm-none-eabi/11.3.1/../../../../arm-none-eabi/lib/thumb/v7e-m+fp/hard\libc_nano.a(libc_a-init.o)
 .ARM.attributes
                0x00000000000001df       0x1e C:/ST/STM32CubeIDE_1.13.1/STM32CubeIDE/plugins/com.st.stm32cube.ide.mcu.externaltools.gnu-tools-for-stm32.11.3.rel1.win32_1.1.0.202305231506/tools/bin/../lib/gcc/arm-none-eabi/11.3.1/thumb/v7e-m+fp/hard/crtn.o
OUTPUT(ARM COTS.elf elf32-littlearm)
LOAD linker stubs
LOAD C:/ST/STM32CubeIDE_1.13.1/STM32CubeIDE/plugins/com.st.stm32cube.ide.mcu.externaltools.gnu-tools-for-stm32.11.3.rel1.win32_1.1.0.202305231506/tools/bin/../lib/gcc/arm-none-eabi/11.3.1/../../../../arm-none-eabi/lib/thumb/v7e-m+fp/hard\libc.a
LOAD C:/ST/STM32CubeIDE_1.13.1/STM32CubeIDE/plugins/com.st.stm32cube.ide.mcu.externaltools.gnu-tools-for-stm32.11.3.rel1.win32_1.1.0.202305231506/tools/bin/../lib/gcc/arm-none-eabi/11.3.1/../../../../arm-none-eabi/lib/thumb/v7e-m+fp/hard\libm.a
LOAD C:/ST/STM32CubeIDE_1.13.1/STM32CubeIDE/plugins/com.st.stm32cube.ide.mcu.externaltools.gnu-tools-for-stm32.11.3.rel1.win32_1.1.0.202305231506/tools/bin/../lib/gcc/arm-none-eabi/11.3.1/thumb/v7e-m+fp/hard\libgcc.a

.comment        0x0000000000000000       0x43
 .comment       0x0000000000000000       0x43 C:/ST/STM32CubeIDE_1.13.1/STM32CubeIDE/plugins/com.st.stm32cube.ide.mcu.externaltools.gnu-tools-for-stm32.11.3.rel1.win32_1.1.0.202305231506/tools/bin/../lib/gcc/arm-none-eabi/11.3.1/thumb/v7e-m+fp/hard/crtbegin.o
                                         0x44 (size before relaxing)
 .comment       0x0000000000000043       0x44 ./MCAL/DIO/DIO_prog.o
 .comment       0x0000000000000043       0x44 ./MCAL/EXTI0/EXTI0_prog.o
 .comment       0x0000000000000043       0x44 ./MCAL/NVIC/NVIC_prog.o
 .comment       0x0000000000000043       0x44 ./MCAL/RCC/RCC_prog.o
 .comment       0x0000000000000043       0x44 ./MCAL/SYSTICK/SYSTICK_prog.o
 .comment       0x0000000000000043       0x44 ./Src/main.o

.debug_info     0x0000000000000000      0x96c
 .debug_info    0x0000000000000000      0x1c3 ./MCAL/DIO/DIO_prog.o
 .debug_info    0x00000000000001c3      0x167 ./MCAL/EXTI0/EXTI0_prog.o
 .debug_info    0x000000000000032a      0x177 ./MCAL/NVIC/NVIC_prog.o
 .debug_info    0x00000000000004a1       0xf3 ./MCAL/RCC/RCC_prog.o
 .debug_info    0x0000000000000594      0x155 ./MCAL/SYSTICK/SYSTICK_prog.o
 .debug_info    0x00000000000006e9      0x260 ./Src/main.o
 .debug_info    0x0000000000000949       0x23 ./Startup/startup_stm32f303retx.o

.debug_abbrev   0x0000000000000000      0x510
 .debug_abbrev  0x0000000000000000       0xc4 ./MCAL/DIO/DIO_prog.o
 .debug_abbrev  0x00000000000000c4       0xc2 ./MCAL/EXTI0/EXTI0_prog.o
 .debug_abbrev  0x0000000000000186       0x96 ./MCAL/NVIC/NVIC_prog.o
 .debug_abbrev  0x000000000000021c       0x79 ./MCAL/RCC/RCC_prog.o
 .debug_abbrev  0x0000000000000295       0xfd ./MCAL/SYSTICK/SYSTICK_prog.o
 .debug_abbrev  0x0000000000000392      0x16c ./Src/main.o
 .debug_abbrev  0x00000000000004fe       0x12 ./Startup/startup_stm32f303retx.o

.debug_aranges  0x0000000000000000      0x1b8
 .debug_aranges
                0x0000000000000000       0x48 ./MCAL/DIO/DIO_prog.o
 .debug_aranges
                0x0000000000000048       0x38 ./MCAL/EXTI0/EXTI0_prog.o
 .debug_aranges
                0x0000000000000080       0x50 ./MCAL/NVIC/NVIC_prog.o
 .debug_aranges
                0x00000000000000d0       0x30 ./MCAL/RCC/RCC_prog.o
 .debug_aranges
                0x0000000000000100       0x48 ./MCAL/SYSTICK/SYSTICK_prog.o
 .debug_aranges
                0x0000000000000148       0x48 ./Src/main.o
 .debug_aranges
                0x0000000000000190       0x28 ./Startup/startup_stm32f303retx.o

.debug_rnglists
                0x0000000000000000      0x130
 .debug_rnglists
                0x0000000000000000       0x36 ./MCAL/DIO/DIO_prog.o
 .debug_rnglists
                0x0000000000000036       0x26 ./MCAL/EXTI0/EXTI0_prog.o
 .debug_rnglists
                0x000000000000005c       0x38 ./MCAL/NVIC/NVIC_prog.o
 .debug_rnglists
                0x0000000000000094       0x21 ./MCAL/RCC/RCC_prog.o
 .debug_rnglists
                0x00000000000000b5       0x31 ./MCAL/SYSTICK/SYSTICK_prog.o
 .debug_rnglists
                0x00000000000000e6       0x31 ./Src/main.o
 .debug_rnglists
                0x0000000000000117       0x19 ./Startup/startup_stm32f303retx.o

.debug_macro    0x0000000000000000      0x7f4
 .debug_macro   0x0000000000000000       0x36 ./MCAL/DIO/DIO_prog.o
 .debug_macro   0x0000000000000036       0x50 ./MCAL/EXTI0/EXTI0_prog.o
 .debug_macro   0x0000000000000086       0x4c ./MCAL/EXTI0/EXTI0_prog.o
 .debug_macro   0x00000000000000d2       0x4f ./MCAL/NVIC/NVIC_prog.o
 .debug_macro   0x0000000000000121       0x52 ./MCAL/NVIC/NVIC_prog.o
 .debug_macro   0x0000000000000173       0x10 ./MCAL/NVIC/NVIC_prog.o
 .debug_macro   0x0000000000000183       0x35 ./MCAL/RCC/RCC_prog.o
 .debug_macro   0x00000000000001b8       0x4c ./MCAL/RCC/RCC_prog.o
 .debug_macro   0x0000000000000204       0x5e ./MCAL/RCC/RCC_prog.o
 .debug_macro   0x0000000000000262       0x40 ./MCAL/SYSTICK/SYSTICK_prog.o
 .debug_macro   0x00000000000002a2       0x28 ./MCAL/SYSTICK/SYSTICK_prog.o
 .debug_macro   0x00000000000002ca       0xdd ./Src/main.o
 .debug_macro   0x00000000000003a7       0x22 ./Src/main.o
 .debug_macro   0x00000000000003c9       0x8e ./Src/main.o
 .debug_macro   0x0000000000000457       0x51 ./Src/main.o
 .debug_macro   0x00000000000004a8      0x103 ./Src/main.o
 .debug_macro   0x00000000000005ab       0x6a ./Src/main.o
 .debug_macro   0x0000000000000615      0x1df ./Src/main.o

.debug_line     0x0000000000000000     0x1302
 .debug_line    0x0000000000000000      0x57f ./MCAL/DIO/DIO_prog.o
 .debug_line    0x000000000000057f      0x15a ./MCAL/EXTI0/EXTI0_prog.o
 .debug_line    0x00000000000006d9      0x261 ./MCAL/NVIC/NVIC_prog.o
 .debug_line    0x000000000000093a      0x125 ./MCAL/RCC/RCC_prog.o
 .debug_line    0x0000000000000a5f      0x168 ./MCAL/SYSTICK/SYSTICK_prog.o
 .debug_line    0x0000000000000bc7      0x6c0 ./Src/main.o
 .debug_line    0x0000000000001287       0x7b ./Startup/startup_stm32f303retx.o

.debug_str      0x0000000000000000     0x5717
 .debug_str     0x0000000000000000     0x3cd1 ./MCAL/DIO/DIO_prog.o
                                       0x3d35 (size before relaxing)
 .debug_str     0x0000000000003cd1      0x20a ./MCAL/EXTI0/EXTI0_prog.o
                                       0x311d (size before relaxing)
 .debug_str     0x0000000000003edb      0x2d7 ./MCAL/NVIC/NVIC_prog.o
                                       0x31ea (size before relaxing)
 .debug_str     0x00000000000041b2      0x2b3 ./MCAL/RCC/RCC_prog.o
                                       0x31ba (size before relaxing)
 .debug_str     0x0000000000004465      0x193 ./MCAL/SYSTICK/SYSTICK_prog.o
                                       0x30a6 (size before relaxing)
 .debug_str     0x00000000000045f8     0x10f0 ./Src/main.o
                                       0x5405 (size before relaxing)
 .debug_str     0x00000000000056e8       0x2f ./Startup/startup_stm32f303retx.o
                                         0x56 (size before relaxing)

.debug_frame    0x0000000000000000      0x508
 .debug_frame   0x0000000000000000       0xf4 ./MCAL/DIO/DIO_prog.o
 .debug_frame   0x00000000000000f4       0xa8 ./MCAL/EXTI0/EXTI0_prog.o
 .debug_frame   0x000000000000019c      0x120 ./MCAL/NVIC/NVIC_prog.o
 .debug_frame   0x00000000000002bc       0x80 ./MCAL/RCC/RCC_prog.o
 .debug_frame   0x000000000000033c       0xdc ./MCAL/SYSTICK/SYSTICK_prog.o
 .debug_frame   0x0000000000000418       0xc4 ./Src/main.o
 .debug_frame   0x00000000000004dc       0x2c C:/ST/STM32CubeIDE_1.13.1/STM32CubeIDE/plugins/com.st.stm32cube.ide.mcu.externaltools.gnu-tools-for-stm32.11.3.rel1.win32_1.1.0.202305231506/tools/bin/../lib/gcc/arm-none-eabi/11.3.1/../../../../arm-none-eabi/lib/thumb/v7e-m+fp/hard\libc_nano.a(libc_a-init.o)

.debug_line_str
                0x0000000000000000       0x4a
 .debug_line_str
                0x0000000000000000       0x4a ./Startup/startup_stm32f303retx.o
                                         0x62 (size before relaxing)
